// Jest Snapshot v1, https://goo.gl/fbAQLP

exports[`Radio should render correctly 1`] = `
<label
  class="customized ant-radio-wrapper"
>
  <span
    class="ant-radio"
  >
    <input
      class="ant-radio-input"
      type="radio"
    >
      
    </input>
    <span
      class="ant-radio-inner"
    >
      
    </span>
  </span>
  <span>
    Test
  </span>
</label>
`;
